[20:10:22] checking FUSE availability in node ocibench-control-plane
[20:10:22] confirming the 92GB cache partition is bind-mounted at /var/lib/containerd-stargz-grpc
[20:10:22] installing stargz binaries from /data/stargz-bin-prev into ocibench-control-plane
containerd-stargz-grpc <unknown> <unknown>
stargz-fuse-manager:
  Version:  <unknown>
  Revision: <unknown>

[20:10:22] writing /etc/containerd-stargz-grpc/config.toml (arm=prev fuse_manager=true fm_metrics=0.0.0.0:9111)
metrics_address = "0.0.0.0:9110"

# Exact TOML per cmd/containerd-stargz-grpc/main.go:89,92-100 and docs/overview.md:111-121
# of v0.18.2. 'address' and 'path' are left at their documented defaults
# (/run/containerd-stargz-grpc/fuse-manager.sock, and PATH lookup for the
# "stargz-fuse-manager" binary).
[fuse_manager]
  enable = true
  metrics_address = "0.0.0.0:9111"

[[resolver.host."172.31.57.187:5000".mirrors]]
  host = "172.31.57.187:5000"
  insecure = true

[cache_accounting]
  enable = true
  queue_size = 8192
[cache_accounting.budget]
  bytes = 80000000000
  high_watermark = 0.95
  low_watermark = 0.85
  policy = "lru"
[20:10:23] disabling journald rate limiting inside the node (evidence integrity)
[20:10:25] installing upstream's stargz-snapshotter.service VERBATIM (script/config/etc/systemd/system/)
[20:10:25] replacing the running FUSE manager so the new binaries actually take effect
[20:10:44] manager binary confirmed: cb5cb4d0fdeb1198fbf04e2271486db7 (from /data/stargz-bin-prev)
active
[20:10:44] WARN: fusemanager-mode log line not found
15:      disable_snapshot_annotations = false
16:      snapshotter = "stargz"
33:  [proxy_plugins.stargz]
36:  [proxy_plugins.stargz.exports]
37:    root = "/var/lib/containerd-stargz-grpc/"
[20:10:44] pre-restart cluster health check
[20:10:44] kube-system clean
[20:10:44] restarting node-internal containerd (NOT the host's containerd.service)
NAME                     STATUS   ROLES           AGE    VERSION
ocibench-control-plane   Ready    control-plane   178m   v1.36.1
NAME                                             READY   STATUS    RESTARTS   AGE
coredns-589f44dc88-5z2sv                         1/1     Running   0          178m
coredns-589f44dc88-g9x22                         1/1     Running   0          178m
etcd-ocibench-control-plane                      1/1     Running   0          178m
kindnet-5f8rw                                    1/1     Running   0          178m
kube-apiserver-ocibench-control-plane            1/1     Running   0          178m
kube-controller-manager-ocibench-control-plane   1/1     Running   0          178m
kube-proxy-j2zxf                                 1/1     Running   0          178m
kube-scheduler-ocibench-control-plane            1/1     Running   0          178m
KillMode=process
[20:10:50] stargz-snapshotter arm=prev up under systemd, fuse_manager=true, budget=80000000000 policy=lru
