[07:56:24] checking FUSE availability in node ocibench-control-plane
[07:56:24] confirming the 92GB cache partition is bind-mounted at /var/lib/containerd-stargz-grpc
[07:56:24] installing stargz binaries from /data/stargz-bin-prev into ocibench-control-plane
containerd-stargz-grpc <unknown> <unknown>
stargz-fuse-manager:
  Version:  <unknown>
  Revision: <unknown>

[07:56:25] writing /etc/containerd-stargz-grpc/config.toml (arm=ours fuse_manager=true fm_metrics=<unset>)
metrics_address = "0.0.0.0:9110"

# Exact TOML per cmd/containerd-stargz-grpc/main.go:89,92-100 and docs/overview.md:111-121
# of v0.18.2. 'address' and 'path' are left at their documented defaults
# (/run/containerd-stargz-grpc/fuse-manager.sock, and PATH lookup for the
# "stargz-fuse-manager" binary).
[fuse_manager]
  enable = true


[[resolver.host."172.31.95.216:5000".mirrors]]
  host = "172.31.95.216:5000"
  insecure = true

[cache_accounting]
  enable = true
  queue_size = 8192
[cache_accounting.budget]
  bytes = 80000000000
  high_watermark = 0.95
  low_watermark = 0.85
  policy = "lru"
[07:56:25] disabling journald rate limiting inside the node (evidence integrity)
[07:56:28] installing upstream's stargz-snapshotter.service VERBATIM (script/config/etc/systemd/system/)
[07:56:28] replacing the running FUSE manager so the new binaries actually take effect
[07:56:41] manager binary confirmed: cb5cb4d0fdeb1198fbf04e2271486db7 (from /data/stargz-bin-prev)
active
[07:56:41] WARN: fusemanager-mode log line not found
15:      disable_snapshot_annotations = false
16:      snapshotter = "stargz"
33:  [proxy_plugins.stargz]
36:  [proxy_plugins.stargz.exports]
37:    root = "/var/lib/containerd-stargz-grpc/"
[07:56:42] pre-restart cluster health check
[07:56:42] kube-system clean
[07:56:42] restarting node-internal containerd (NOT the host's containerd.service)
NAME                     STATUS   ROLES           AGE     VERSION
ocibench-control-plane   Ready    control-plane   3h27m   v1.36.1
NAME                                             READY   STATUS    RESTARTS   AGE
coredns-589f44dc88-7p2c6                         1/1     Running   0          3h27m
coredns-589f44dc88-rfmcd                         1/1     Running   0          3h27m
etcd-ocibench-control-plane                      1/1     Running   0          3h27m
kindnet-glr59                                    1/1     Running   0          3h27m
kube-apiserver-ocibench-control-plane            1/1     Running   0          3h27m
kube-controller-manager-ocibench-control-plane   1/1     Running   0          3h27m
kube-proxy-jrtg8                                 1/1     Running   0          3h27m
kube-scheduler-ocibench-control-plane            1/1     Running   0          3h27m
KillMode=process
[07:56:48] stargz-snapshotter arm=ours up under systemd, fuse_manager=true, budget=80000000000 policy=lru
